// Jest Snapshot v1, https://goo.gl/fbAQLP

exports[`should take a snapshot 1`] = `
<DocumentFragment>
  <header
    class="MuiPaper-root MuiAppBar-root MuiAppBar-positionStatic MuiAppBar-colorPrimary MuiPaper-elevation0"
  >
    <div
      class="MuiToolbar-root MuiToolbar-regular AppHeader-toolbar-1 MuiToolbar-gutters"
    >
      <a
        aria-current="page"
        class="AppHeader-title-2"
        href="/"
      >
        HAPTIK
      </a>
    </div>
  </header>
  <div
    class="MuiContainer-root MuiContainer-maxWidthLg"
  >
    <div
      style="outline: none; display: none;"
      tabindex="-1"
    />
    <div>
      <div
        class="MuiCircularProgress-root MuiCircularProgress-colorPrimary MuiCircularProgress-indeterminate"
        role="progressbar"
        style="width: 40px; height: 40px;"
      >
        <svg
          class="MuiCircularProgress-svg"
          viewBox="22 22 44 44"
        >
          <circle
            class="MuiCircularProgress-circle MuiCircularProgress-circleIndeterminate"
            cx="44"
            cy="44"
            fill="none"
            r="20.2"
            stroke-width="3.6"
          />
        </svg>
      </div>
    </div>
  </div>
</DocumentFragment>
`;
